<?xml version="1.0" encoding="UTF-8"?>
<TestRun id="3320441c-37f3-4751-b593-a38d5141a545" name="sgbier@IWS-W7HYBOJZRNW 2017-08-10 11:29:05" runUser="INTERNAL\sgbier" xmlns="http://microsoft.com/schemas/VisualStudio/TeamTest/2010">
  <TestSettings name="Local" id="4020f19f-e6bb-483b-9794-4586090393e2">
    <Description>These are default test settings for a local test run.</Description>
    <Deployment enabled="false" runDeploymentRoot="sgbier_IWS-W7HYBOJZRNW 2017-08-10 11_29_05">
      <DeploymentItem filename="C:\dotNet\Monopoly\Monopoly\Monopoly\bin\Debug\Monopoly.exe" />
    </Deployment>
    <Execution>
      <TestTypeSpecific />
      <AgentRule name="Execution Agents">
      </AgentRule>
    </Execution>
  </TestSettings>
  <Times creation="2017-08-10T11:29:05.7456639-04:00" queuing="2017-08-10T11:29:05.8096703-04:00" start="2017-08-10T11:29:05.8146708-04:00" finish="2017-08-10T11:29:06.2237117-04:00" />
  <ResultSummary outcome="Completed">
    <Counters total="12" executed="12" passed="12" error="0" failed="0" timeout="0" aborted="0" inconclusive="0" passedButRunAborted="0" notRunnable="0" notExecuted="0" disconnected="0" warning="0" completed="0" inProgress="0" pending="0" />
  </ResultSummary>
  <TestDefinitions>
    <UnitTest name="GamePlayerTest3" storage="c:\dotnet\monopoly\monopoly\monopolytest\bin\debug\monopolytest.dll" id="7a5d6771-74fe-3149-0ccd-32414e211fcf">
      <Execution id="d4465208-e4df-4079-b6ea-53acbf4a26d3" />
      <TestMethod codeBase="C:/dotNet/Monopoly/Monopoly/MonopolyTest/bin/Debug/MonopolyTest.DLL" adapterTypeName="Microsoft.VisualStudio.TestTools.TestTypes.Unit.UnitTestAdapter, Microsoft.VisualStudio.QualityTools.Tips.UnitTest.Adapter, Version=10.0.0.0, Culture=neutral, PublicKeyToken=b03f5f7f11d50a3a" className="MonopolyTest.GamePlayerTest, MonopolyTest, Version=1.0.0.0, Culture=neutral, PublicKeyToken=null" name="GamePlayerTest3" />
    </UnitTest>
    <UnitTest name="PlayerMovementTest1" storage="c:\dotnet\monopoly\monopoly\monopolytest\bin\debug\monopolytest.dll" id="beb7dd20-1bda-12bc-d656-5e9f8f962b06">
      <Execution id="e0c3a3d7-8891-4eed-ac88-87b565793790" />
      <TestMethod codeBase="C:/dotNet/Monopoly/Monopoly/MonopolyTest/bin/Debug/MonopolyTest.DLL" adapterTypeName="Microsoft.VisualStudio.TestTools.TestTypes.Unit.UnitTestAdapter, Microsoft.VisualStudio.QualityTools.Tips.UnitTest.Adapter, Version=10.0.0.0, Culture=neutral, PublicKeyToken=b03f5f7f11d50a3a" className="MonopolyTest.PlayerMovementTest, MonopolyTest, Version=1.0.0.0, Culture=neutral, PublicKeyToken=null" name="PlayerMovementTest1" />
    </UnitTest>
    <UnitTest name="GameRoundTest2" storage="c:\dotnet\monopoly\monopoly\monopolytest\bin\debug\monopolytest.dll" id="9752f9ac-e914-3983-36b8-e1735950fad7">
      <Execution id="e2bd33cb-28e2-4ff7-b79c-3aa07cf5b043" />
      <TestMethod codeBase="C:/dotNet/Monopoly/Monopoly/MonopolyTest/bin/Debug/MonopolyTest.DLL" adapterTypeName="Microsoft.VisualStudio.TestTools.TestTypes.Unit.UnitTestAdapter, Microsoft.VisualStudio.QualityTools.Tips.UnitTest.Adapter, Version=10.0.0.0, Culture=neutral, PublicKeyToken=b03f5f7f11d50a3a" className="MonopolyTest.GameRoundTest, MonopolyTest, Version=1.0.0.0, Culture=neutral, PublicKeyToken=null" name="GameRoundTest2" />
    </UnitTest>
    <UnitTest name="GameRoundTest1" storage="c:\dotnet\monopoly\monopoly\monopolytest\bin\debug\monopolytest.dll" id="b6daf6a3-b00b-158c-66e8-48d5a7a10408">
      <Execution id="079885a0-b148-4f52-9850-18891955a014" />
      <TestMethod codeBase="C:/dotNet/Monopoly/Monopoly/MonopolyTest/bin/Debug/MonopolyTest.DLL" adapterTypeName="Microsoft.VisualStudio.TestTools.TestTypes.Unit.UnitTestAdapter, Microsoft.VisualStudio.QualityTools.Tips.UnitTest.Adapter, Version=10.0.0.0, Culture=neutral, PublicKeyToken=b03f5f7f11d50a3a" className="MonopolyTest.GameRoundTest, MonopolyTest, Version=1.0.0.0, Culture=neutral, PublicKeyToken=null" name="GameRoundTest1" />
    </UnitTest>
    <UnitTest name="LandingOnGoTest2" storage="c:\dotnet\monopoly\monopoly\monopolytest\bin\debug\monopolytest.dll" id="02413075-4bc8-7cc9-57fd-08bb459abeab">
      <Execution id="074b2951-3e7e-4a14-a734-cc52304d8b89" />
      <TestMethod codeBase="C:/dotNet/Monopoly/Monopoly/MonopolyTest/bin/Debug/MonopolyTest.DLL" adapterTypeName="Microsoft.VisualStudio.TestTools.TestTypes.Unit.UnitTestAdapter, Microsoft.VisualStudio.QualityTools.Tips.UnitTest.Adapter, Version=10.0.0.0, Culture=neutral, PublicKeyToken=b03f5f7f11d50a3a" className="MonopolyTest.LandingOnGoTest, MonopolyTest, Version=1.0.0.0, Culture=neutral, PublicKeyToken=null" name="LandingOnGoTest2" />
    </UnitTest>
    <UnitTest name="PlayerMovementTest2" storage="c:\dotnet\monopoly\monopoly\monopolytest\bin\debug\monopolytest.dll" id="0e77d6bb-fb3d-1b49-b06b-8c2122ca3fd9">
      <Execution id="6e077119-ac40-4c9c-87b7-c2ddfd102a69" />
      <TestMethod codeBase="C:/dotNet/Monopoly/Monopoly/MonopolyTest/bin/Debug/MonopolyTest.DLL" adapterTypeName="Microsoft.VisualStudio.TestTools.TestTypes.Unit.UnitTestAdapter, Microsoft.VisualStudio.QualityTools.Tips.UnitTest.Adapter, Version=10.0.0.0, Culture=neutral, PublicKeyToken=b03f5f7f11d50a3a" className="MonopolyTest.PlayerMovementTest, MonopolyTest, Version=1.0.0.0, Culture=neutral, PublicKeyToken=null" name="PlayerMovementTest2" />
    </UnitTest>
    <UnitTest name="GameRoundTest4" storage="c:\dotnet\monopoly\monopoly\monopolytest\bin\debug\monopolytest.dll" id="dabdf125-28d9-38b0-776e-916c4541cb98">
      <Execution id="eee1afa3-94bd-4c82-b2e9-daceb90bd9d3" />
      <TestMethod codeBase="C:/dotNet/Monopoly/Monopoly/MonopolyTest/bin/Debug/MonopolyTest.DLL" adapterTypeName="Microsoft.VisualStudio.TestTools.TestTypes.Unit.UnitTestAdapter, Microsoft.VisualStudio.QualityTools.Tips.UnitTest.Adapter, Version=10.0.0.0, Culture=neutral, PublicKeyToken=b03f5f7f11d50a3a" className="MonopolyTest.GameRoundTest, MonopolyTest, Version=1.0.0.0, Culture=neutral, PublicKeyToken=null" name="GameRoundTest4" />
    </UnitTest>
    <UnitTest name="LandingOnGoTest1" storage="c:\dotnet\monopoly\monopoly\monopolytest\bin\debug\monopolytest.dll" id="7796b712-fe60-468f-2104-8ee6b2a50fd9">
      <Execution id="a4fa2218-d695-4f5b-8d67-5c087061f183" />
      <TestMethod codeBase="C:/dotNet/Monopoly/Monopoly/MonopolyTest/bin/Debug/MonopolyTest.DLL" adapterTypeName="Microsoft.VisualStudio.TestTools.TestTypes.Unit.UnitTestAdapter, Microsoft.VisualStudio.QualityTools.Tips.UnitTest.Adapter, Version=10.0.0.0, Culture=neutral, PublicKeyToken=b03f5f7f11d50a3a" className="MonopolyTest.LandingOnGoTest, MonopolyTest, Version=1.0.0.0, Culture=neutral, PublicKeyToken=null" name="LandingOnGoTest1" />
    </UnitTest>
    <UnitTest name="GamePlayerTest2" storage="c:\dotnet\monopoly\monopoly\monopolytest\bin\debug\monopolytest.dll" id="7f40909b-f243-42ff-71ac-e07d8c2cc9fb">
      <Execution id="fdb6d41e-b74a-4631-a766-df59aaf31cdc" />
      <TestMethod codeBase="C:/dotNet/Monopoly/Monopoly/MonopolyTest/bin/Debug/MonopolyTest.DLL" adapterTypeName="Microsoft.VisualStudio.TestTools.TestTypes.Unit.UnitTestAdapter, Microsoft.VisualStudio.QualityTools.Tips.UnitTest.Adapter, Version=10.0.0.0, Culture=neutral, PublicKeyToken=b03f5f7f11d50a3a" className="MonopolyTest.GamePlayerTest, MonopolyTest, Version=1.0.0.0, Culture=neutral, PublicKeyToken=null" name="GamePlayerTest2" />
    </UnitTest>
    <UnitTest name="PassingOverGoTest1" storage="c:\dotnet\monopoly\monopoly\monopolytest\bin\debug\monopolytest.dll" id="a9f040e4-c557-c12c-c294-20c39aec76e0">
      <Execution id="ec24aea1-df76-4999-a8a1-58b3cb8a1d2d" />
      <TestMethod codeBase="C:/dotNet/Monopoly/Monopoly/MonopolyTest/bin/Debug/MonopolyTest.DLL" adapterTypeName="Microsoft.VisualStudio.TestTools.TestTypes.Unit.UnitTestAdapter, Microsoft.VisualStudio.QualityTools.Tips.UnitTest.Adapter, Version=10.0.0.0, Culture=neutral, PublicKeyToken=b03f5f7f11d50a3a" className="MonopolyTest.PassingOverGoTest, MonopolyTest, Version=1.0.0.0, Culture=neutral, PublicKeyToken=null" name="PassingOverGoTest1" />
    </UnitTest>
    <UnitTest name="GamePlayerTest1" storage="c:\dotnet\monopoly\monopoly\monopolytest\bin\debug\monopolytest.dll" id="881e6fcc-8424-f9ba-9bef-cb075e569126">
      <Execution id="b4102c89-a9df-4577-a944-06a885b952b6" />
      <TestMethod codeBase="C:/dotNet/Monopoly/Monopoly/MonopolyTest/bin/Debug/MonopolyTest.DLL" adapterTypeName="Microsoft.VisualStudio.TestTools.TestTypes.Unit.UnitTestAdapter, Microsoft.VisualStudio.QualityTools.Tips.UnitTest.Adapter, Version=10.0.0.0, Culture=neutral, PublicKeyToken=b03f5f7f11d50a3a" className="MonopolyTest.GamePlayerTest, MonopolyTest, Version=1.0.0.0, Culture=neutral, PublicKeyToken=null" name="GamePlayerTest1" />
    </UnitTest>
    <UnitTest name="GameRoundTest3" storage="c:\dotnet\monopoly\monopoly\monopolytest\bin\debug\monopolytest.dll" id="47d15f6e-a592-ef57-100a-8438d946ef8e">
      <Execution id="5703a3dc-e8ea-40de-a496-504a29de8881" />
      <TestMethod codeBase="C:/dotNet/Monopoly/Monopoly/MonopolyTest/bin/Debug/MonopolyTest.DLL" adapterTypeName="Microsoft.VisualStudio.TestTools.TestTypes.Unit.UnitTestAdapter, Microsoft.VisualStudio.QualityTools.Tips.UnitTest.Adapter, Version=10.0.0.0, Culture=neutral, PublicKeyToken=b03f5f7f11d50a3a" className="MonopolyTest.GameRoundTest, MonopolyTest, Version=1.0.0.0, Culture=neutral, PublicKeyToken=null" name="GameRoundTest3" />
    </UnitTest>
  </TestDefinitions>
  <TestLists>
    <TestList name="Results Not in a List" id="8c84fa94-04c1-424b-9868-57a2d4851a1d" />
    <TestList name="All Loaded Results" id="19431567-8539-422a-85d7-44ee4e166bda" />
  </TestLists>
  <TestEntries>
    <TestEntry testId="02413075-4bc8-7cc9-57fd-08bb459abeab" executionId="074b2951-3e7e-4a14-a734-cc52304d8b89" testListId="8c84fa94-04c1-424b-9868-57a2d4851a1d" />
    <TestEntry testId="0e77d6bb-fb3d-1b49-b06b-8c2122ca3fd9" executionId="6e077119-ac40-4c9c-87b7-c2ddfd102a69" testListId="8c84fa94-04c1-424b-9868-57a2d4851a1d" />
    <TestEntry testId="47d15f6e-a592-ef57-100a-8438d946ef8e" executionId="5703a3dc-e8ea-40de-a496-504a29de8881" testListId="8c84fa94-04c1-424b-9868-57a2d4851a1d" />
    <TestEntry testId="7796b712-fe60-468f-2104-8ee6b2a50fd9" executionId="a4fa2218-d695-4f5b-8d67-5c087061f183" testListId="8c84fa94-04c1-424b-9868-57a2d4851a1d" />
    <TestEntry testId="7a5d6771-74fe-3149-0ccd-32414e211fcf" executionId="d4465208-e4df-4079-b6ea-53acbf4a26d3" testListId="8c84fa94-04c1-424b-9868-57a2d4851a1d" />
    <TestEntry testId="7f40909b-f243-42ff-71ac-e07d8c2cc9fb" executionId="fdb6d41e-b74a-4631-a766-df59aaf31cdc" testListId="8c84fa94-04c1-424b-9868-57a2d4851a1d" />
    <TestEntry testId="881e6fcc-8424-f9ba-9bef-cb075e569126" executionId="b4102c89-a9df-4577-a944-06a885b952b6" testListId="8c84fa94-04c1-424b-9868-57a2d4851a1d" />
    <TestEntry testId="9752f9ac-e914-3983-36b8-e1735950fad7" executionId="e2bd33cb-28e2-4ff7-b79c-3aa07cf5b043" testListId="8c84fa94-04c1-424b-9868-57a2d4851a1d" />
    <TestEntry testId="a9f040e4-c557-c12c-c294-20c39aec76e0" executionId="ec24aea1-df76-4999-a8a1-58b3cb8a1d2d" testListId="8c84fa94-04c1-424b-9868-57a2d4851a1d" />
    <TestEntry testId="b6daf6a3-b00b-158c-66e8-48d5a7a10408" executionId="079885a0-b148-4f52-9850-18891955a014" testListId="8c84fa94-04c1-424b-9868-57a2d4851a1d" />
    <TestEntry testId="beb7dd20-1bda-12bc-d656-5e9f8f962b06" executionId="e0c3a3d7-8891-4eed-ac88-87b565793790" testListId="8c84fa94-04c1-424b-9868-57a2d4851a1d" />
    <TestEntry testId="dabdf125-28d9-38b0-776e-916c4541cb98" executionId="eee1afa3-94bd-4c82-b2e9-daceb90bd9d3" testListId="8c84fa94-04c1-424b-9868-57a2d4851a1d" />
  </TestEntries>
  <Results>
    <UnitTestResult executionId="074b2951-3e7e-4a14-a734-cc52304d8b89" testId="02413075-4bc8-7cc9-57fd-08bb459abeab" testName="LandingOnGoTest2" computerName="IWS-W7HYBOJZRNW" duration="00:00:00.0130576" startTime="2017-08-10T11:29:05.8236717-04:00" endTime="2017-08-10T11:29:06.0366930-04:00" testType="13cdc9d9-ddb5-4fa4-a97d-d965ccfc6d4b" outcome="Passed" testListId="8c84fa94-04c1-424b-9868-57a2d4851a1d" relativeResultsDirectory="074b2951-3e7e-4a14-a734-cc52304d8b89">
    </UnitTestResult>
    <UnitTestResult executionId="6e077119-ac40-4c9c-87b7-c2ddfd102a69" testId="0e77d6bb-fb3d-1b49-b06b-8c2122ca3fd9" testName="PlayerMovementTest2" computerName="IWS-W7HYBOJZRNW" duration="00:00:00.0002185" startTime="2017-08-10T11:29:06.0416935-04:00" endTime="2017-08-10T11:29:06.0436937-04:00" testType="13cdc9d9-ddb5-4fa4-a97d-d965ccfc6d4b" outcome="Passed" testListId="8c84fa94-04c1-424b-9868-57a2d4851a1d" relativeResultsDirectory="6e077119-ac40-4c9c-87b7-c2ddfd102a69">
    </UnitTestResult>
    <UnitTestResult executionId="5703a3dc-e8ea-40de-a496-504a29de8881" testId="47d15f6e-a592-ef57-100a-8438d946ef8e" testName="GameRoundTest3" computerName="IWS-W7HYBOJZRNW" duration="00:00:00.0014564" startTime="2017-08-10T11:29:06.0476941-04:00" endTime="2017-08-10T11:29:06.0516945-04:00" testType="13cdc9d9-ddb5-4fa4-a97d-d965ccfc6d4b" outcome="Passed" testListId="8c84fa94-04c1-424b-9868-57a2d4851a1d" relativeResultsDirectory="5703a3dc-e8ea-40de-a496-504a29de8881">
    </UnitTestResult>
    <UnitTestResult executionId="a4fa2218-d695-4f5b-8d67-5c087061f183" testId="7796b712-fe60-468f-2104-8ee6b2a50fd9" testName="LandingOnGoTest1" computerName="IWS-W7HYBOJZRNW" duration="00:00:00.0001805" startTime="2017-08-10T11:29:06.0556949-04:00" endTime="2017-08-10T11:29:06.0576951-04:00" testType="13cdc9d9-ddb5-4fa4-a97d-d965ccfc6d4b" outcome="Passed" testListId="8c84fa94-04c1-424b-9868-57a2d4851a1d" relativeResultsDirectory="a4fa2218-d695-4f5b-8d67-5c087061f183">
    </UnitTestResult>
    <UnitTestResult executionId="d4465208-e4df-4079-b6ea-53acbf4a26d3" testId="7a5d6771-74fe-3149-0ccd-32414e211fcf" testName="GamePlayerTest3" computerName="IWS-W7HYBOJZRNW" duration="00:00:00.0002369" startTime="2017-08-10T11:29:06.0626956-04:00" endTime="2017-08-10T11:29:06.0646958-04:00" testType="13cdc9d9-ddb5-4fa4-a97d-d965ccfc6d4b" outcome="Passed" testListId="8c84fa94-04c1-424b-9868-57a2d4851a1d" relativeResultsDirectory="d4465208-e4df-4079-b6ea-53acbf4a26d3">
    </UnitTestResult>
    <UnitTestResult executionId="fdb6d41e-b74a-4631-a766-df59aaf31cdc" testId="7f40909b-f243-42ff-71ac-e07d8c2cc9fb" testName="GamePlayerTest2" computerName="IWS-W7HYBOJZRNW" duration="00:00:00.0001639" startTime="2017-08-10T11:29:06.0686962-04:00" endTime="2017-08-10T11:29:06.0706964-04:00" testType="13cdc9d9-ddb5-4fa4-a97d-d965ccfc6d4b" outcome="Passed" testListId="8c84fa94-04c1-424b-9868-57a2d4851a1d" relativeResultsDirectory="fdb6d41e-b74a-4631-a766-df59aaf31cdc">
    </UnitTestResult>
    <UnitTestResult executionId="b4102c89-a9df-4577-a944-06a885b952b6" testId="881e6fcc-8424-f9ba-9bef-cb075e569126" testName="GamePlayerTest1" computerName="IWS-W7HYBOJZRNW" duration="00:00:00.0001258" startTime="2017-08-10T11:29:06.0756969-04:00" endTime="2017-08-10T11:29:06.0766970-04:00" testType="13cdc9d9-ddb5-4fa4-a97d-d965ccfc6d4b" outcome="Passed" testListId="8c84fa94-04c1-424b-9868-57a2d4851a1d" relativeResultsDirectory="b4102c89-a9df-4577-a944-06a885b952b6">
    </UnitTestResult>
    <UnitTestResult executionId="e2bd33cb-28e2-4ff7-b79c-3aa07cf5b043" testId="9752f9ac-e914-3983-36b8-e1735950fad7" testName="GameRoundTest2" computerName="IWS-W7HYBOJZRNW" duration="00:00:00.0002589" startTime="2017-08-10T11:29:06.0816975-04:00" endTime="2017-08-10T11:29:06.0836977-04:00" testType="13cdc9d9-ddb5-4fa4-a97d-d965ccfc6d4b" outcome="Passed" testListId="8c84fa94-04c1-424b-9868-57a2d4851a1d" relativeResultsDirectory="e2bd33cb-28e2-4ff7-b79c-3aa07cf5b043">
    </UnitTestResult>
    <UnitTestResult executionId="ec24aea1-df76-4999-a8a1-58b3cb8a1d2d" testId="a9f040e4-c557-c12c-c294-20c39aec76e0" testName="PassingOverGoTest1" computerName="IWS-W7HYBOJZRNW" duration="00:00:00.0002215" startTime="2017-08-10T11:29:06.0876981-04:00" endTime="2017-08-10T11:29:06.0896983-04:00" testType="13cdc9d9-ddb5-4fa4-a97d-d965ccfc6d4b" outcome="Passed" testListId="8c84fa94-04c1-424b-9868-57a2d4851a1d" relativeResultsDirectory="ec24aea1-df76-4999-a8a1-58b3cb8a1d2d">
    </UnitTestResult>
    <UnitTestResult executionId="079885a0-b148-4f52-9850-18891955a014" testId="b6daf6a3-b00b-158c-66e8-48d5a7a10408" testName="GameRoundTest1" computerName="IWS-W7HYBOJZRNW" duration="00:00:00.0002396" startTime="2017-08-10T11:29:06.0946988-04:00" endTime="2017-08-10T11:29:06.0966990-04:00" testType="13cdc9d9-ddb5-4fa4-a97d-d965ccfc6d4b" outcome="Passed" testListId="8c84fa94-04c1-424b-9868-57a2d4851a1d" relativeResultsDirectory="079885a0-b148-4f52-9850-18891955a014">
    </UnitTestResult>
    <UnitTestResult executionId="e0c3a3d7-8891-4eed-ac88-87b565793790" testId="beb7dd20-1bda-12bc-d656-5e9f8f962b06" testName="PlayerMovementTest1" computerName="IWS-W7HYBOJZRNW" duration="00:00:00.0001608" startTime="2017-08-10T11:29:06.1006994-04:00" endTime="2017-08-10T11:29:06.1026996-04:00" testType="13cdc9d9-ddb5-4fa4-a97d-d965ccfc6d4b" outcome="Passed" testListId="8c84fa94-04c1-424b-9868-57a2d4851a1d" relativeResultsDirectory="e0c3a3d7-8891-4eed-ac88-87b565793790">
    </UnitTestResult>
    <UnitTestResult executionId="eee1afa3-94bd-4c82-b2e9-daceb90bd9d3" testId="dabdf125-28d9-38b0-776e-916c4541cb98" testName="GameRoundTest4" computerName="IWS-W7HYBOJZRNW" duration="00:00:00.0002526" startTime="2017-08-10T11:29:06.2027096-04:00" endTime="2017-08-10T11:29:06.2047098-04:00" testType="13cdc9d9-ddb5-4fa4-a97d-d965ccfc6d4b" outcome="Passed" testListId="8c84fa94-04c1-424b-9868-57a2d4851a1d" relativeResultsDirectory="eee1afa3-94bd-4c82-b2e9-daceb90bd9d3">
    </UnitTestResult>
  </Results>
</TestRun>