<?xml version="1.0" encoding="UTF-8"?>
<TestRun id="c05085d8-efb9-46a7-a641-ae9cb8db149c" name="sgbier@IWS-W7HYBOJZRNW 2017-08-10 11:46:29" runUser="INTERNAL\sgbier" xmlns="http://microsoft.com/schemas/VisualStudio/TeamTest/2010">
  <TestSettings name="Local" id="4020f19f-e6bb-483b-9794-4586090393e2">
    <Description>These are default test settings for a local test run.</Description>
    <Deployment enabled="false" runDeploymentRoot="sgbier_IWS-W7HYBOJZRNW 2017-08-10 11_46_29">
      <DeploymentItem filename="C:\dotNet\Monopoly\Monopoly\Monopoly\bin\Debug\Monopoly.exe" />
    </Deployment>
    <Execution>
      <TestTypeSpecific />
      <AgentRule name="Execution Agents">
      </AgentRule>
    </Execution>
  </TestSettings>
  <Times creation="2017-08-10T11:46:29.3570146-04:00" queuing="2017-08-10T11:46:29.4080197-04:00" start="2017-08-10T11:46:29.4120201-04:00" finish="2017-08-10T11:46:29.6440433-04:00" />
  <ResultSummary outcome="Completed">
    <Counters total="1" executed="1" passed="1" error="0" failed="0" timeout="0" aborted="0" inconclusive="0" passedButRunAborted="0" notRunnable="0" notExecuted="0" disconnected="0" warning="0" completed="0" inProgress="0" pending="0" />
  </ResultSummary>
  <TestDefinitions>
    <UnitTest name="LandingOnGoToJailTest1" storage="c:\dotnet\monopoly\monopoly\monopolytest\bin\debug\monopolytest.dll" id="3c42e495-f390-7f2c-5950-53313dfd3e06">
      <Execution id="c3f43d72-bf2c-49dc-a84b-76a92ef1eedb" />
      <TestMethod codeBase="C:/dotNet/Monopoly/Monopoly/MonopolyTest/bin/Debug/MonopolyTest.DLL" adapterTypeName="Microsoft.VisualStudio.TestTools.TestTypes.Unit.UnitTestAdapter, Microsoft.VisualStudio.QualityTools.Tips.UnitTest.Adapter, Version=10.0.0.0, Culture=neutral, PublicKeyToken=b03f5f7f11d50a3a" className="MonopolyTest.LandingOnGoToJailTest, MonopolyTest, Version=1.0.0.0, Culture=neutral, PublicKeyToken=null" name="LandingOnGoToJailTest1" />
    </UnitTest>
  </TestDefinitions>
  <TestLists>
    <TestList name="Results Not in a List" id="8c84fa94-04c1-424b-9868-57a2d4851a1d" />
    <TestList name="All Loaded Results" id="19431567-8539-422a-85d7-44ee4e166bda" />
  </TestLists>
  <TestEntries>
    <TestEntry testId="3c42e495-f390-7f2c-5950-53313dfd3e06" executionId="c3f43d72-bf2c-49dc-a84b-76a92ef1eedb" testListId="8c84fa94-04c1-424b-9868-57a2d4851a1d" />
  </TestEntries>
  <Results>
    <UnitTestResult executionId="c3f43d72-bf2c-49dc-a84b-76a92ef1eedb" testId="3c42e495-f390-7f2c-5950-53313dfd3e06" testName="LandingOnGoToJailTest1" computerName="IWS-W7HYBOJZRNW" duration="00:00:00.0131216" startTime="2017-08-10T11:46:29.4200209-04:00" endTime="2017-08-10T11:46:29.6300419-04:00" testType="13cdc9d9-ddb5-4fa4-a97d-d965ccfc6d4b" outcome="Passed" testListId="8c84fa94-04c1-424b-9868-57a2d4851a1d" relativeResultsDirectory="c3f43d72-bf2c-49dc-a84b-76a92ef1eedb">
    </UnitTestResult>
  </Results>
</TestRun>