<?xml version="1.0" encoding="UTF-8"?>
<TestRun id="c328cd84-d8fb-4b03-af53-2791f5b9f970" name="sgbier@IWS-W7HYBOJZRNW 2017-08-10 11:51:33" runUser="INTERNAL\sgbier" xmlns="http://microsoft.com/schemas/VisualStudio/TeamTest/2010">
  <TestSettings name="Local" id="4020f19f-e6bb-483b-9794-4586090393e2">
    <Description>These are default test settings for a local test run.</Description>
    <Deployment enabled="false" runDeploymentRoot="sgbier_IWS-W7HYBOJZRNW 2017-08-10 11_51_33">
      <DeploymentItem filename="C:\dotNet\Monopoly\Monopoly\Monopoly\bin\Debug\Monopoly.exe" />
    </Deployment>
    <Execution>
      <TestTypeSpecific />
      <AgentRule name="Execution Agents">
      </AgentRule>
    </Execution>
  </TestSettings>
  <Times creation="2017-08-10T11:51:33.3224081-04:00" queuing="2017-08-10T11:51:45.6386396-04:00" start="2017-08-10T11:51:45.6426400-04:00" finish="2017-08-10T11:51:45.8646622-04:00" />
  <ResultSummary outcome="Completed">
    <Counters total="1" executed="1" passed="1" error="0" failed="0" timeout="0" aborted="0" inconclusive="0" passedButRunAborted="0" notRunnable="0" notExecuted="0" disconnected="0" warning="0" completed="0" inProgress="0" pending="0" />
  </ResultSummary>
  <TestDefinitions>
    <UnitTest name="LandingOnGoToJailTest2" storage="c:\dotnet\monopoly\monopoly\monopolytest\bin\debug\monopolytest.dll" id="9cd4c26f-846d-d4e3-5f7c-79a2e7c188ea">
      <Execution id="5a02b293-2151-4d7f-82da-58f8ce6f3013" />
      <TestMethod codeBase="C:/dotNet/Monopoly/Monopoly/MonopolyTest/bin/Debug/MonopolyTest.DLL" adapterTypeName="Microsoft.VisualStudio.TestTools.TestTypes.Unit.UnitTestAdapter, Microsoft.VisualStudio.QualityTools.Tips.UnitTest.Adapter, Version=10.0.0.0, Culture=neutral, PublicKeyToken=b03f5f7f11d50a3a" className="MonopolyTest.LandingOnGoToJailTest, MonopolyTest, Version=1.0.0.0, Culture=neutral, PublicKeyToken=null" name="LandingOnGoToJailTest2" />
    </UnitTest>
  </TestDefinitions>
  <TestLists>
    <TestList name="Results Not in a List" id="8c84fa94-04c1-424b-9868-57a2d4851a1d" />
    <TestList name="All Loaded Results" id="19431567-8539-422a-85d7-44ee4e166bda" />
  </TestLists>
  <TestEntries>
    <TestEntry testId="9cd4c26f-846d-d4e3-5f7c-79a2e7c188ea" executionId="5a02b293-2151-4d7f-82da-58f8ce6f3013" testListId="8c84fa94-04c1-424b-9868-57a2d4851a1d" />
  </TestEntries>
  <Results>
    <UnitTestResult executionId="5a02b293-2151-4d7f-82da-58f8ce6f3013" testId="9cd4c26f-846d-d4e3-5f7c-79a2e7c188ea" testName="LandingOnGoToJailTest2" computerName="IWS-W7HYBOJZRNW" duration="00:00:00.0128632" startTime="2017-08-10T11:51:45.6506408-04:00" endTime="2017-08-10T11:51:45.8506608-04:00" testType="13cdc9d9-ddb5-4fa4-a97d-d965ccfc6d4b" outcome="Passed" testListId="8c84fa94-04c1-424b-9868-57a2d4851a1d" relativeResultsDirectory="5a02b293-2151-4d7f-82da-58f8ce6f3013">
    </UnitTestResult>
  </Results>
</TestRun>